Test project /src/build-pcapng-copy-tests
      Start  3: PcapNgCopy.StructureAndFiltering
 1/14 Test  #3: PcapNgCopy.StructureAndFiltering .....   Passed    0.00 sec
      Start  4: PcapNgCopy.InterfaceSelection
 2/14 Test  #4: PcapNgCopy.InterfaceSelection ........   Passed    0.00 sec
      Start  5: PcapNgCopy.OptionPreservation
 3/14 Test  #5: PcapNgCopy.OptionPreservation ........   Passed    0.00 sec
      Start  6: PcapNgCopy.OptionTermination
 4/14 Test  #6: PcapNgCopy.OptionTermination .........   Passed    0.00 sec
      Start  7: PcapNgCopy.FilterState
 5/14 Test  #7: PcapNgCopy.FilterState ...............   Passed    0.00 sec
      Start  8: PcapNgCopy.DefaultAndClearedFilter
 6/14 Test  #8: PcapNgCopy.DefaultAndClearedFilter ...   Passed    0.00 sec
      Start  9: PcapNgCopy.ReservedFieldOpacity
 7/14 Test  #9: PcapNgCopy.ReservedFieldOpacity ......   Passed    0.00 sec
      Start 10: PcapNgCopy.LocalUseOpacity
 8/14 Test #10: PcapNgCopy.LocalUseOpacity ...........***Failed    0.00 sec
[ERROR: PcapFileDevice.cpp: operator():1274          ] Cannot copy pcapng file 'pcapng-copy-local-use-input.pcapng': invalid local-use payload
copy interpreted opaque local-use block data

      Start 11: PcapNgCopy.ReaderLifecycle
 9/14 Test #11: PcapNgCopy.ReaderLifecycle ...........   Passed    0.00 sec
      Start 12: PcapNgCopy.NoMatchingPackets
10/14 Test #12: PcapNgCopy.NoMatchingPackets .........   Passed    0.00 sec
      Start 13: PcapNgCopy.MalformedFraming
11/14 Test #13: PcapNgCopy.MalformedFraming ..........   Passed    0.01 sec
      Start 14: PcapNgCopy.MalformedOptions
12/14 Test #14: PcapNgCopy.MalformedOptions ..........   Passed    0.01 sec
      Start 15: PcapNgCopy.MalformedReferences
13/14 Test #15: PcapNgCopy.MalformedReferences .......   Passed    0.01 sec
      Start 16: PcapNgCopy.UnsupportedAndIo
14/14 Test #16: PcapNgCopy.UnsupportedAndIo ..........   Passed    0.00 sec

93% tests passed, 1 tests failed out of 14

Total Test time (real) =   0.05 sec

The following tests FAILED:
	 10 - PcapNgCopy.LocalUseOpacity (Failed)
Errors while running CTest
