Test project /src/build-pcapng-copy-tests
      Start  3: PcapNgCopy.StructureAndFiltering
 1/11 Test  #3: PcapNgCopy.StructureAndFiltering ...   Passed    0.00 sec
      Start  4: PcapNgCopy.InterfaceSelection
 2/11 Test  #4: PcapNgCopy.InterfaceSelection ......   Passed    0.00 sec
      Start  5: PcapNgCopy.OptionPreservation
 3/11 Test  #5: PcapNgCopy.OptionPreservation ......   Passed    0.00 sec
      Start  6: PcapNgCopy.OptionTermination
 4/11 Test  #6: PcapNgCopy.OptionTermination .......   Passed    0.00 sec
      Start  7: PcapNgCopy.FilterState
 5/11 Test  #7: PcapNgCopy.FilterState .............   Passed    0.00 sec
      Start  8: PcapNgCopy.ReaderLifecycle
 6/11 Test  #8: PcapNgCopy.ReaderLifecycle .........   Passed    0.00 sec
      Start  9: PcapNgCopy.NoMatchingPackets
 7/11 Test  #9: PcapNgCopy.NoMatchingPackets .......   Passed    0.00 sec
      Start 10: PcapNgCopy.MalformedFraming
 8/11 Test #10: PcapNgCopy.MalformedFraming ........   Passed    0.01 sec
      Start 11: PcapNgCopy.MalformedOptions
 9/11 Test #11: PcapNgCopy.MalformedOptions ........   Passed    0.01 sec
      Start 12: PcapNgCopy.MalformedReferences
10/11 Test #12: PcapNgCopy.MalformedReferences .....   Passed    0.01 sec
      Start 13: PcapNgCopy.UnsupportedAndIo
11/11 Test #13: PcapNgCopy.UnsupportedAndIo ........   Passed    0.01 sec

100% tests passed, 0 tests failed out of 11

Total Test time (real) =   0.08 sec
