Running only tests that don't require network connection
Skipping memory leak check for all test cases
PcapPlusPlus version: v26.07 (official release)
Built: Jul 31 2026 08:10:11
Git info: Git branch '', commit ''
Using ip: 
Debug mode: off
Start running tests...

TestIPAddress                                : PASSED
TestMacAddress                               : PASSED
TestLRUList                                  : PASSED
TestGeneralUtils                             : PASSED
TestIPv4Network                              : PASSED
TestIPv6Network                              : PASSED
TestIPNetwork                                : PASSED
TestObjectPool                               : PASSED
[ERROR: PcapFileDevice.cpp: tryCreateReader:671      ] File format of PcapExamples/file_heuristics/unknown_test.tmp is not supported
[ERROR: PcapFileDevice.cpp: tryCreateReader:671      ] File format of PcapExamples/file_heuristics/unknown_test.tmp is not supported
[ERROR: PcapFileDevice.cpp: tryCreateReader:671      ] File format of PcapExamples/file_heuristics/unknown_test.tmp is not supported
TestFileFormatDetector                       : PASSED
TestReaderFactory_Pcap_Micro                 : PASSED
TestReaderFactory_Pcap_Nano                  : PASSED
TestReaderFactory_PcapNG                     : PASSED
[ERROR: PcapFileDevice.cpp: tryCreateReader:671      ] PcapNG Zstd compressed files are not supported in this build of PcapPlusPlus
TestReaderFactory_PcapNG_ZST_Unsupported     : PASSED
TestReaderFactory_Snoop                      : PASSED
[ERROR: PcapFileDevice.cpp: tryCreateReader:671      ] Could not open file: this-file-does-not-exist.pcap
[ERROR: PcapFileDevice.cpp: tryCreateReader:671      ] File format of PcapExamples/file_heuristics/bogus-content.txt is not supported
TestReaderFactory_InvalidFile                : PASSED
TestPcapFileReadWrite                        : PASSED
TestPcapFileMicroPrecision                   : PASSED
TestPcapFileNanoPrecision                    : PASSED
TestPcapSllFileReadWrite                     : PASSED
TestPcapSll2FileReadWrite                    : PASSED
TestPcapRawIPFileReadWrite                   : PASSED
TestPcapFileAppend                           : PASSED
TestPcapFileReadAdv                          : PASSED
TestPcapFileWriteAdv                         : PASSED
TestPcapNgFileReadWrite                      : PASSED
TestPcapNgFileReadWriteAdv                   : PASSED
TestPcapNgFileTooManyInterfaces              : PASSED
TestPcapNgFilePrecision                      : PASSED
TestPcapFileReadLinkTypeIPv6                 : PASSED
TestPcapFileReadLinkTypeIPv4                 : PASSED
TestSolarisSnoopFileRead                     : PASSED
TestPcapFileWriterDeviceDestructor           : PASSED
TestPcapFilters_MatchStatic                  : PASSED
TestPcapFilters_General_BPFStr               : PASSED
TestPcapFiltersOffline                       : PASSED
TestPcapFilters_LinkLayer                    : PASSED
TestHttpRequestParsing                       : PASSED
TestHttpResponseParsing                      : PASSED
TestPrintPacketAndLayers                     : PASSED
TestDnsParsing                               : PASSED
TestTcpReassemblySanity                      : PASSED
TestTcpReassemblyRetran                      : PASSED
TestTcpReassemblyMissingData                 : PASSED
TestTcpReassemblyOutOfOrder                  : PASSED
TestTcpReassemblyOOOWithManualClose          : PASSED
TestTcpReassemblyWithFIN_RST                 : PASSED
TestTcpReassemblyMalformedPkts               : PASSED
TestTcpReassemblyMultipleConns               : PASSED
TestTcpReassemblyIPv6                        : PASSED
TestTcpReassemblyIPv6MultConns               : PASSED
TestTcpReassemblyIPv6_OOO                    : PASSED
TestTcpReassemblyCleanup                     : PASSED
TestTcpReassemblyMaxOOOFrags                 : PASSED
TestTcpReassemblyMaxSeq                      : PASSED
TestTcpReassemblyDisableOOOCleanup           : PASSED
TestTcpReassemblyTimeStamps                  : PASSED
TestTcpReassemblyFinReset                    : PASSED
TestTcpReassemblyHighPrecision               : PASSED
TestIPFragmentationSanity                    : PASSED
TestIPFragOutOfOrder                         : PASSED
TestIPFragPartialData                        : PASSED
TestIPFragMultipleFrags                      : PASSED
TestIPFragMapOverflow                        : PASSED
TestIPFragRemove                             : PASSED
TestIPFragWithPadding                        : PASSED
TestIPv4MalformedFragment                    : PASSED
TestSystemCoreUtils                          : PASSED
[DEBUG: LoggerTests.cpp: invokeDebugLog:20           ] debug log
[ERROR: LoggerTests.cpp: invokeErrorLog:30           ] error log
TestLogger                                   : PASSED
TestLoggerMultiThread                        : PASSED

ALL TESTS PASSED!!
Test cases: 113, Passed: 69, Failed: 0, Skipped: 44
