Test project /src/build-pcapng-copy-tests
    Start  3: PcapNgCopy.StructureAndFiltering
1/9 Test  #3: PcapNgCopy.StructureAndFiltering ...   Passed    0.00 sec
    Start  4: PcapNgCopy.InterfaceSelection
2/9 Test  #4: PcapNgCopy.InterfaceSelection ......   Passed    0.00 sec
    Start  5: PcapNgCopy.OptionPreservation
3/9 Test  #5: PcapNgCopy.OptionPreservation ......   Passed    0.00 sec
    Start  6: PcapNgCopy.ReaderLifecycle
4/9 Test  #6: PcapNgCopy.ReaderLifecycle .........   Passed    0.00 sec
    Start  7: PcapNgCopy.NoMatchingPackets
5/9 Test  #7: PcapNgCopy.NoMatchingPackets .......   Passed    0.00 sec
    Start  8: PcapNgCopy.MalformedFraming
6/9 Test  #8: PcapNgCopy.MalformedFraming ........   Passed    0.01 sec
    Start  9: PcapNgCopy.MalformedOptions
7/9 Test  #9: PcapNgCopy.MalformedOptions ........   Passed    0.00 sec
    Start 10: PcapNgCopy.MalformedReferences
8/9 Test #10: PcapNgCopy.MalformedReferences .....   Passed    0.00 sec
    Start 11: PcapNgCopy.UnsupportedAndIo
9/9 Test #11: PcapNgCopy.UnsupportedAndIo ........   Passed    0.00 sec

100% tests passed, 0 tests failed out of 9

Total Test time (real) =   0.05 sec
