PcapPlusPlus version: v26.07 (official release)
Built: Jul 31 2026 08:09:58
Built from: Git branch '', commit ''
Using data root: current directory
Start running tests...

OUILookup                                    : PASSED
EthPacketCreation                            : PASSED
EthPacketPointerCreation                     : PASSED
EthAndArpPacketParsing                       : PASSED
ArpPacketCreation                            : PASSED
EthDot3LayerParsingTest                      : PASSED
EthDot3LayerCreateEditTest                   : PASSED
VlanParseAndCreation                         : PASSED
QinQ802_1adParse                             : PASSED
MplsLayerTest                                : PASSED
VxlanParsingAndCreationTest                  : PASSED
IPv4PacketCreation                           : PASSED
IPv4PacketParsing                            : PASSED
IPv4FragmentationTest                        : PASSED
IPv4OptionsParsingTest                       : PASSED
IPv4OptionsEditTest                          : PASSED
IPv4UdpChecksum                              : PASSED
IPv4ComputeFieldsInvalidIhl                  : PASSED
IPv6UdpPacketParseAndCreate                  : PASSED
IPv6FragmentationTest                        : PASSED
IPv6ExtensionsTest                           : PASSED
TcpPacketNoOptionsParsing                    : PASSED
TcpPacketWithAccurateEcnParsing              : PASSED
TcpPacketWithOptionsParsing                  : PASSED
TcpPacketWithOptionsParsing2                 : PASSED
TcpPacketCreation                            : PASSED
TcpPacketCreation2                           : PASSED
TcpMalformedPacketParsing                    : PASSED
TcpChecksumInvalidRead                       : PASSED
TcpChecksumMultiBuffer                       : PASSED
PacketUtilsHash5TupleUdp                     : PASSED
PacketUtilsHash5TupleTcp                     : PASSED
PacketUtilsHash5TupleIPv6                    : PASSED
InsertDataToPacket                           : PASSED
CreatePacketFromBuffer                       : PASSED
InsertVlanToPacket                           : PASSED
RemoveLayerTest                              : PASSED
CopyLayerAndPacketTest                       : PASSED
CopyLayerDataTest                            : PASSED
PacketLayerLookupTest                        : PASSED
RawPacketTimeStampSetterTest                 : PASSED
ParsePartialPacketTest                       : PASSED
PacketTrailerTest                            : PASSED
ResizeLayerTest                              : PASSED
PrintPacketAndLayersTest                     : PASSED
ProtocolFamilyMembershipTest                 : PASSED
PacketParseLayerLimitTest                    : PASSED
PacketParseMultiLayerTest                    : PASSED
PacketIncrementalParseTest                   : PASSED
PacketFullReparseTest                        : PASSED
HttpRequestParseMethodTest                   : PASSED
HttpRequestLayerParsingTest                  : PASSED
HttpRequestLayerCreationTest                 : PASSED
HttpRequestLayerEditTest                     : PASSED
HttpResponseParseStatusCodeTest              : PASSED
HttpResponseParseVersionTest                 : PASSED
HttpResponseLayerParsingTest                 : PASSED
HttpResponseLayerCreationTest                : PASSED
HttpResponseLayerEditTest                    : PASSED
HttpMalformedResponseTest                    : PASSED
PPPoESessionLayerParsingTest                 : PASSED
PPPoESessionLayerCreationTest                : PASSED
PPPoEDiscoveryLayerParsingTest               : PASSED
PPPoEDiscoveryLayerCreateTest                : PASSED
DnsLayerParsingTest                          : PASSED
DnsLayerQueryCreationTest                    : PASSED
DnsLayerResourceCreationTest                 : PASSED
DnsLayerEditTest                             : PASSED
DnsLayerRemoveResourceTest                   : PASSED
DnsOverTcpParsingTest                        : PASSED
DnsOverTcpCreationTest                       : PASSED
DnsLayerAddDnsKeyTest                        : PASSED
DoIpRoutActReqParsing                        : PASSED
DoIpRoutActReqCreation                       : PASSED
DoIpRoutActResParsing                        : PASSED
DoIpRoutActResCreation                       : PASSED
DoIpGenHdrNackParsing                        : PASSED
DoIpGenHdrNackCreation                       : PASSED
DoIpVehIdenReqWithEIDParsing                 : PASSED
DoIpVehIdenReqWithEIDCreation                : PASSED
DoIpVehIdenReqWithVINParsing                 : PASSED
DoIpVehIdenReqWithVINCreation                : PASSED
DoIpVehAnnMessParsing                        : PASSED
DoIpVehAnnMessCreation                       : PASSED
DoIpAliveCheckRespParsing                    : PASSED
DoIpAliveCheckRespCreation                   : PASSED
DoIpDiagPowerModeRespParsing                 : PASSED
DoIpDiagPowerModeRespCreation                : PASSED
DoIpEntityStatusRespParsing                  : PASSED
DoIpEntityStatusRespCreation                 : PASSED
DoIpDiagMessParsing                          : PASSED
DoIpDiagMessCreation                         : PASSED
DoIpDiagMessAckParsing                       : PASSED
DoIpDiagMessAckCreation                      : PASSED
DoIpDiagMessNackParsing                      : PASSED
DoIpDiagMessNackCreation                     : PASSED
DoIpVehIdenReqParsing                        : PASSED
DoIpVehIdenReqCreation                       : PASSED
DoIpDiagPowerModeReqParsing                  : PASSED
DoIpDiagPowerModeReqCreation                 : PASSED
DoIpEntityStatusReqParsing                   : PASSED
DoIpEntityStatusReqCreation                  : PASSED
DoIpAliveCheckReqParsing                     : PASSED
DoIpAliveCheckReqCreation                    : PASSED
DoIpVehIdenReqWithDefVersParsing             : PASSED
DoIpInvalidPackets                           : PASSED
IcmpParsingTest                              : PASSED
IcmpCreationTest                             : PASSED
IcmpEditTest                                 : PASSED
GreParsingTest                               : PASSED
GreCreationTest                              : PASSED
GreEditTest                                  : PASSED
SSLClientHelloParsingTest                    : PASSED
SSLHelloTruncatedVersionTest                 : PASSED
SSLExtensionWithZeroSizeTest                 : PASSED
SSLAppDataParsingTest                        : PASSED
SSLAlertParsingTest                          : PASSED
SSLMultipleRecordParsingTest                 : PASSED
SSLMultipleRecordParsing2Test                : PASSED
SSLMultipleRecordParsing3Test                : PASSED
SSLMultipleRecordParsing4Test                : PASSED
SSLMultipleRecordParsing5Test                : PASSED
SSLPartialCertificateParseTest               : PASSED
SSLNewSessionTicketParseTest                 : PASSED
SSLMalformedPacketParsing                    : PASSED
SSLECPointFormatExtensionZeroLengthTest      : PASSED
TLS1_3ParsingTest                            : PASSED
TLSCipherSuiteTest                           : PASSED
ClientHelloTLSFingerprintTest                : PASSED
ServerHelloTLSFingerprintTest                : PASSED
SllPacketParsingTest                         : PASSED
SllPacketCreationTest                        : PASSED
NullLoopbackTest                             : PASSED
Sll2PacketParsingTest                        : PASSED
Sll2ParseLLCTest                             : PASSED
Sll2PacketCreationTest                       : PASSED
NflogPacketParsingTest                       : PASSED
DhcpParsingTest                              : PASSED
DhcpCreationTest                             : PASSED
DhcpEditTest                                 : PASSED
IgmpParsingTest                              : PASSED
IgmpCreateAndEditTest                        : PASSED
Igmpv3ParsingTest                            : PASSED
Igmpv3QueryCreateAndEditTest                 : PASSED
Igmpv3ReportCreateAndEditTest                : PASSED
SipRequestParseMethodTest                    : PASSED
SipRequestLayerParsingTest                   : PASSED
SipDetectionByContentOnNonStandardPort       : PASSED
SipRequestLayerCreationTest                  : PASSED
SipRequestLayerEditTest                      : PASSED
SipResponseParseStatusCodeTest               : PASSED
SipResponseParseVersionCodeTest              : PASSED
SipResponseLayerParsingTest                  : PASSED
SipResponseLayerCreationTest                 : PASSED
SipResponseLayerEditTest                     : PASSED
SipNotSdpLayerParsingTest                    : PASSED
SdpLayerParsingTest                          : PASSED
SdpLayerCreationTest                         : PASSED
SdpLayerEditTest                             : PASSED
RadiusLayerParsingTest                       : PASSED
RadiusLayerCreationTest                      : PASSED
RadiusLayerEditTest                          : PASSED
GtpV1LayerParsingTest                        : PASSED
GtpV1LayerCreationTest                       : PASSED
GtpV1LayerEditTest                           : PASSED
GtpV2LayerParsingTest                        : PASSED
GtpV2LayerCreationTest                       : PASSED
GtpV2LayerEditTest                           : PASSED
BgpLayerParsingTest                          : PASSED
BgpLayerCreationTest                         : PASSED
BgpLayerEditTest                             : PASSED
BgpOpenMalformedOptionalParamsTest           : PASSED
SSHParsingTest                               : PASSED
SSHMalformedParsingTest                      : PASSED
IPSecParsingTest                             : PASSED
DhcpV6ParsingTest                            : PASSED
DhcpV6CreationTest                           : PASSED
DhcpV6EditTest                               : PASSED
NtpMethodsTests                              : PASSED
NtpParsingV3Tests                            : PASSED
NtpParsingV4Tests                            : PASSED
NtpCreationTests                             : PASSED
TelnetCommandParsingTests                    : PASSED
TelentCommandInvalidDataTests                : PASSED
TelnetCommandTruncatedOptionTest             : PASSED
TelnetDataParsingTests                       : PASSED
TpktLayerTest                                : PASSED
IcmpV6ParsingTest                            : PASSED
IcmpV6CreationTest                           : PASSED
IcmpV6EditTest                               : PASSED
FtpParsingTests                              : PASSED
FtpCreationTests                             : PASSED
FtpEditTests                                 : PASSED
LLCParsingTests                              : PASSED
LLCCreationTests                             : PASSED
StpConfigurationParsingTests                 : PASSED
StpConfigurationCreationTests                : PASSED
StpConfigurationEditTests                    : PASSED
StpTopologyChangeParsingTests                : PASSED
StpTopologyChangeCreationTests               : PASSED
StpTopologyChangeEditTests                   : PASSED
RapidStpParsingTests                         : PASSED
RapidStpCreationTests                        : PASSED
RapidStpEditTests                            : PASSED
MultipleStpParsingTests                      : PASSED
MultipleStpCreationTests                     : PASSED
MultipleStpEditTests                         : PASSED
SomeIpPortTest                               : PASSED
SomeIpParsingTest                            : PASSED
SomeIpCreationTest                           : PASSED
SomeIpTpParsingTest                          : PASSED
SomeIpTpCreationTest                         : PASSED
SomeIpTpEditTest                             : PASSED
SomeIpSdParsingTest                          : PASSED
SomeIpSdCreationTest                         : PASSED
WakeOnLanParsingTests                        : PASSED
WakeOnLanCreationTests                       : PASSED
WakeOnLanEditTests                           : PASSED
VrrpParsingTest                              : PASSED
VrrpCreateAndEditTest                        : PASSED
CotpLayerTest                                : PASSED
S7CommLayerParsingTest                       : PASSED
S7CommLayerCreationTest                      : PASSED
SmtpParsingTests                             : PASSED
SmtpCreationTests                            : PASSED
SmtpEditTests                                : PASSED
Asn1DecodingTest                             : PASSED
Asn1EncodingTest                             : PASSED
Asn1ObjectIdentifierTest                     : PASSED
LdapParsingTest                              : PASSED
LdapCreationTest                             : PASSED
WireGuardHandshakeInitParsingTest            : PASSED
WireGuardHandshakeRespParsingTest            : PASSED
WireGuardCookieReplyParsingTest              : PASSED
WireGuardTransportDataParsingTest            : PASSED
WireGuardCreationTest                        : PASSED
WireGuardEditTest                            : PASSED
CiscoHdlcParsingTest                         : PASSED
CiscoHdlcLayerCreationTest                   : PASSED
CiscoHdlcLayerEditTest                       : PASSED
ModbusLayerCreationTest                      : PASSED
ModbusLayerParsingTest                       : PASSED
ModbusLayerTruncatedTest                     : PASSED
X509ParsingTest                              : PASSED
X509VariantsParsingTest                      : PASSED
X509InvalidDataTest                          : PASSED
X509ExtensionDataTest                        : PASSED
Base64EncodingTest                           : PASSED
Base64DecodingTest                           : PASSED
PemEncodingTest                              : PASSED
PemDecodingTest                              : PASSED
CryptoKeyDecodingTest                        : PASSED
CryptoKeyInvalidDataTest                     : PASSED
PostgresLayerParsingTest                     : PASSED
PostgresMessageParsingTest                   : PASSED
PostgresInvalidDataTest                      : PASSED
MySqlLayerParsingTest                        : PASSED
MySqlMessageParsingTest                      : PASSED
MySqlInvalidDataTest                         : PASSED

ALL TESTS PASSED!!
Test cases: 259, Passed: 259, Failed: 0, Skipped: 0
